// Vitest Snapshot v1

exports[`Button component > should render button 1`] = `ReactWrapper {}`;
